[    0.000000] Initializing cgroup subsys cpuset
[    0.000000] Initializing cgroup subsys cpu
[    0.000000] Initializing cgroup subsys cpuacct
[    0.000000] Linux version 4.4.0-210-generic (buildd@lgw01-amd64-009) (gcc version 5.4.0 20160609 (Ubuntu 5.4.0-6ubuntu1~16.04.12) ) #242-Ubuntu SMP Fri Apr 16 09:57:56 UTC 2021 (Ubuntu 4.4.0-210.242-generic 4.4.262)
[    0.000000] Command line: BOOT_IMAGE=/boot/vmlinuz-4.4.0-210-generic root=LABEL=cloudimg-rootfs ro console=tty1 console=ttyS0
[    0.000000] KERNEL supported cpus:
[    0.000000]   Intel GenuineIntel
[    0.000000]   AMD AuthenticAMD
[    0.000000]   Centaur CentaurHauls
[    0.000000] x86/fpu: xstate_offset[2]:  576, xstate_sizes[2]:  256
[    0.000000] x86/fpu: Supporting XSAVE feature 0x01: 'x87 floating point registers'
[    0.000000] x86/fpu: Supporting XSAVE feature 0x02: 'SSE registers'
[    0.000000] x86/fpu: Supporting XSAVE feature 0x04: 'AVX registers'
[    0.000000] x86/fpu: Enabled xstate features 0x7, context size is 832 bytes, using 'standard' format.
[    0.000000] e820: BIOS-provided physical RAM map:
[    0.000000] BIOS-e820: [mem 0x0000000000000000-0x000000000009fbff] usable
[    0.000000] BIOS-e820: [mem 0x000000000009fc00-0x000000000009ffff] reserved
[    0.000000] BIOS-e820: [mem 0x00000000000f0000-0x00000000000fffff] reserved
[    0.000000] BIOS-e820: [mem 0x0000000000100000-0x000000007ffeffff] usable
[    0.000000] BIOS-e820: [mem 0x000000007fff0000-0x000000007fffffff] ACPI data
[    0.000000] BIOS-e820: [mem 0x00000000fec00000-0x00000000fec00fff] reserved
[    0.000000] BIOS-e820: [mem 0x00000000fee00000-0x00000000fee00fff] reserved
[    0.000000] BIOS-e820: [mem 0x00000000fffc0000-0x00000000ffffffff] reserved
[    0.000000] NX (Execute Disable) protection: active
[    0.000000] SMBIOS 2.5 present.
[    0.000000] Hypervisor detected: KVM
[    0.000000] Kernel/User page tables isolation: disabled
[    0.000000] e820: last_pfn = 0x7fff0 max_arch_pfn = 0x400000000
[    0.000000] MTRR: Disabled
[    0.000000] x86/PAT: MTRRs disabled, skipping PAT initialization too.
[    0.000000] CPU MTRRs all blank - virtualized system.
[    0.000000] x86/PAT: Configuration [0-7]: WB  WT  UC- UC  WB  WT  UC- UC  
[    0.000000] found SMP MP-table at [mem 0x0009fff0-0x0009ffff] mapped at [ffff88000009fff0]
[    0.000000] Scanning 1 areas for low memory corruption
[    0.000000] RAMDISK: [mem 0x362dc000-0x37165fff]
[    0.000000] ACPI: Early table checksum verification disabled
[    0.000000] ACPI: RSDP 0x00000000000E0000 000024 (v02 VBOX  )
[    0.000000] ACPI: XSDT 0x000000007FFF0030 00003C (v01 VBOX   VBOXXSDT 00000001 ASL  00000061)
[    0.000000] ACPI: FACP 0x000000007FFF00F0 0000F4 (v04 VBOX   VBOXFACP 00000001 ASL  00000061)
[    0.000000] ACPI: DSDT 0x000000007FFF0470 002325 (v02 VBOX   VBOXBIOS 00000002 INTL 20100528)
[    0.000000] ACPI: FACS 0x000000007FFF0200 000040
[    0.000000] ACPI: FACS 0x000000007FFF0200 000040
[    0.000000] ACPI: APIC 0x000000007FFF0240 00005C (v02 VBOX   VBOXAPIC 00000001 ASL  00000061)
[    0.000000] ACPI: SSDT 0x000000007FFF02A0 0001CC (v01 VBOX   VBOXCPUT 00000002 INTL 20100528)
[    0.000000] No NUMA configuration found
[    0.000000] Faking a node at [mem 0x0000000000000000-0x000000007ffeffff]
[    0.000000] NODE_DATA(0) allocated [mem 0x7ffeb000-0x7ffeffff]
[    0.000000] kvm-clock: Using msrs 4b564d01 and 4b564d00
[    0.000000] kvm-clock: cpu 0, msr 0:7ffe3001, primary cpu clock
[    0.000000] kvm-clock: using sched offset of 2985955297 cycles
[    0.000000] clocksource: kvm-clock: mask: 0xffffffffffffffff max_cycles: 0x1cd42e4dffb, max_idle_ns: 881590591483 ns
[    0.000000] Zone ranges:
[    0.000000]   DMA      [mem 0x0000000000001000-0x0000000000ffffff]
[    0.000000]   DMA32    [mem 0x0000000001000000-0x000000007ffeffff]
[    0.000000]   Normal   empty
[    0.000000]   Device   empty
[    0.000000] Movable zone start for each node
[    0.000000] Early memory node ranges
[    0.000000]   node   0: [mem 0x0000000000001000-0x000000000009efff]
[    0.000000]   node   0: [mem 0x0000000000100000-0x000000007ffeffff]
[    0.000000] Initmem setup node 0 [mem 0x0000000000001000-0x000000007ffeffff]
[    0.000000] ACPI: PM-Timer IO Port: 0x4008
[    0.000000] IOAPIC[0]: apic_id 2, version 32, address 0xfec00000, GSI 0-23
[    0.000000] ACPI: INT_SRC_OVR (bus 0 bus_irq 0 global_irq 2 dfl dfl)
[    0.000000] ACPI: INT_SRC_OVR (bus 0 bus_irq 9 global_irq 9 low level)
[    0.000000] Using ACPI (MADT) for SMP configuration information
[    0.000000] smpboot: Allowing 2 CPUs, 0 hotplug CPUs
[    0.000000] PM: Registered nosave memory: [mem 0x00000000-0x00000fff]
[    0.000000] PM: Registered nosave memory: [mem 0x0009f000-0x0009ffff]
[    0.000000] PM: Registered nosave memory: [mem 0x000a0000-0x000effff]
[    0.000000] PM: Registered nosave memory: [mem 0x000f0000-0x000fffff]
[    0.000000] e820: [mem 0x80000000-0xfebfffff] available for PCI devices
[    0.000000] Booting paravirtualized kernel on KVM
[    0.000000] clocksource: refined-jiffies: mask: 0xffffffff max_cycles: 0xffffffff, max_idle_ns: 7645519600211568 ns
[    0.000000] setup_percpu: NR_CPUS:512 nr_cpumask_bits:512 nr_cpu_ids:2 nr_node_ids:1
[    0.000000] PERCPU: Embedded 33 pages/cpu @ffff88007fc00000 s95192 r8192 d31784 u1048576
[    0.000000] Built 1 zonelists in Node order, mobility grouping on.  Total pages: 515960
[    0.000000] Policy zone: DMA32
[    0.000000] Kernel command line: BOOT_IMAGE=/boot/vmlinuz-4.4.0-210-generic root=LABEL=cloudimg-rootfs ro console=tty1 console=ttyS0
[    0.000000] PID hash table entries: 4096 (order: 3, 32768 bytes)
[    0.000000] Memory: 2029984K/2096696K available (8644K kernel code, 1332K rwdata, 4044K rodata, 1492K init, 1164K bss, 66712K reserved, 0K cma-reserved)
[    0.000000] SLUB: HWalign=64, Order=0-3, MinObjects=0, CPUs=2, Nodes=1
[    0.000000] Hierarchical RCU implementation.
[    0.000000] 	Build-time adjustment of leaf fanout to 64.
[    0.000000] 	RCU restricting CPUs from NR_CPUS=512 to nr_cpu_ids=2.
[    0.000000] RCU: Adjusting geometry for rcu_fanout_leaf=64, nr_cpu_ids=2
[    0.000000] NR_IRQS:33024 nr_irqs:440 16
[    0.000000] Console: colour VGA+ 80x25
[    0.000000] console [tty1] enabled
[    0.000000] console [ttyS0] enabled
[    0.000000] tsc: Detected 2496.004 MHz processor
[    0.104535] Calibrating delay loop (skipped) preset value.. 4992.00 BogoMIPS (lpj=9984016)
[    0.106258] pid_max: default: 32768 minimum: 301
[    0.106927] ACPI: Core revision 20150930
[    0.108071] ACPI: 2 ACPI AML tables successfully acquired and loaded
[    0.109988] Security Framework initialized
[    0.110589] Yama: becoming mindful.
[    0.111139] AppArmor: AppArmor initialized
[    0.112044] Dentry cache hash table entries: 262144 (order: 9, 2097152 bytes)
[    0.113475] Inode-cache hash table entries: 131072 (order: 8, 1048576 bytes)
[    0.114456] Mount-cache hash table entries: 4096 (order: 3, 32768 bytes)
[    0.115335] Mountpoint-cache hash table entries: 4096 (order: 3, 32768 bytes)
[    0.116571] Initializing cgroup subsys io
[    0.117169] Initializing cgroup subsys memory
[    0.117799] Initializing cgroup subsys devices
[    0.118436] Initializing cgroup subsys freezer
[    0.119071] Initializing cgroup subsys net_cls
[    0.119711] Initializing cgroup subsys perf_event
[    0.120400] Initializing cgroup subsys net_prio
[    0.121222] Initializing cgroup subsys hugetlb
[    0.121868] Initializing cgroup subsys pids
[    0.125033] mce: CPU supports 0 MCE banks
[    0.125642] Last level iTLB entries: 4KB 0, 2MB 0, 4MB 0
[    0.126371] Last level dTLB entries: 4KB 0, 2MB 0, 4MB 0, 1GB 0
[    0.127158] Spectre V1 : Mitigation: usercopy/swapgs barriers and __user pointer sanitization
[    0.128370] Spectre V2 : Mitigation: Full generic retpoline
[    0.129369] Spectre V2 : Spectre v2 / SpectreRSB mitigation: Filling RSB on context switch
[    0.130542] Speculative Store Bypass: Vulnerable
[    0.133397] Freeing SMP alternatives memory: 36K
[    0.139022] ftrace: allocating 32380 entries in 127 pages
[    0.185059] smpboot: APIC(0) Converting physical 0 to logical package 0
[    0.185964] smpboot: Max logical packages: 1
[    0.186802] x2apic enabled
[    0.187440] Switched APIC routing to physical x2apic.
[    0.189071] ..TIMER: vector=0x30 apic1=0 pin1=2 apic2=-1 pin2=-1
[    0.297956] smpboot: CPU0: 12th Gen Intel(R) Core(TM) i5-12400 (family: 0x6, model: 0x97, stepping: 0x5)
[    0.299436] Performance Events: unsupported p6 CPU model 151 no PMU driver, software events only.
[    0.306913] KVM setup paravirtual spinlock
[    0.307836] x86: Booting SMP configuration:
[    0.308467] .... node  #0, CPUs:      #1
[    0.309126] kvm-clock: cpu 1, msr 0:7ffe3041, secondary cpu clock
[    0.312182] mce: CPU supports 0 MCE banks
[    0.314559] x86: Booted up 1 node, 2 CPUs
[    0.315303] smpboot: Total of 2 processors activated (9984.01 BogoMIPS)
[    0.316414] devtmpfs: initialized
[    0.317732] evm: security.selinux
[    0.318285] evm: security.SMACK64
[    0.318825] evm: security.SMACK64EXEC
[    0.319460] evm: security.SMACK64TRANSMUTE
[    0.320190] evm: security.SMACK64MMAP
[    0.320755] evm: security.ima
[    0.321264] evm: security.capability
[    0.321950] clocksource: jiffies: mask: 0xffffffff max_cycles: 0xffffffff, max_idle_ns: 7645041785100000 ns
[    0.323351] futex hash table entries: 512 (order: 3, 32768 bytes)
[    0.324254] pinctrl core: initialized pinctrl subsystem
[    0.325065] RTC time: 21:46:26, date: 09/13/22
[    0.325880] NET: Registered protocol family 16
[    0.342435] cpuidle: using governor ladder
[    0.356057] cpuidle: using governor menu
[    0.356692] PCCT header not found.
[    0.357283] ACPI: bus type PCI registered
[    0.357887] acpiphp: ACPI Hot Plug PCI Controller Driver version: 0.5
[    0.358844] PCI: Using configuration type 1 for base access
[    0.372043] ACPI: Added _OSI(Module Device)
[    0.373135] ACPI: Added _OSI(Processor Device)
[    0.373797] ACPI: Added _OSI(3.0 _SCP Extensions)
[    0.374483] ACPI: Added _OSI(Processor Aggregator Device)
[    0.375747] ACPI: Executed 1 blocks of module-level executable AML code
[    0.378082] ACPI: Interpreter enabled
[    0.378664] ACPI: (supports S0 S5)
[    0.379212] ACPI: Using IOAPIC for interrupt routing
[    0.379997] PCI: Using host bridge windows from ACPI; if necessary, use "pci=nocrs" and report a bug
[    0.383323] ACPI: PCI Root Bridge [PCI0] (domain 0000 [bus 00-ff])
[    0.384156] acpi PNP0A03:00: _OSC: OS supports [ASPM ClockPM Segments MSI]
[    0.385238] acpi PNP0A03:00: _OSC: not requesting OS control; OS requires [ExtendedConfig ASPM ClockPM MSI]
[    0.386619] acpi PNP0A03:00: fail to add MMCONFIG information, can't access extended PCI configuration space under this bridge.
[    0.388345] PCI host bridge to bus 0000:00
[    0.388957] pci_bus 0000:00: root bus resource [io  0x0000-0x0cf7 window]
[    0.389855] pci_bus 0000:00: root bus resource [io  0x0d00-0xffff window]
[    0.390770] pci_bus 0000:00: root bus resource [mem 0x000a0000-0x000bffff window]
[    0.391888] pci_bus 0000:00: root bus resource [mem 0x80000000-0xfdffffff window]
[    0.392995] pci_bus 0000:00: root bus resource [bus 00-ff]
[    0.394999] pci 0000:00:01.1: legacy IDE quirk: reg 0x10: [io  0x01f0-0x01f7]
[    0.395929] pci 0000:00:01.1: legacy IDE quirk: reg 0x14: [io  0x03f6]
[    0.396796] pci 0000:00:01.1: legacy IDE quirk: reg 0x18: [io  0x0170-0x0177]
[    0.397724] pci 0000:00:01.1: legacy IDE quirk: reg 0x1c: [io  0x0376]
[    0.408169] pci 0000:00:07.0: quirk: [io  0x4000-0x403f] claimed by PIIX4 ACPI
[    0.416174] pci 0000:00:07.0: quirk: [io  0x4100-0x410f] claimed by PIIX4 SMB
[    0.423060] ACPI: PCI Interrupt Link [LNKA] (IRQs 5 9 10 *11)
[    0.424251] ACPI: PCI Interrupt Link [LNKB] (IRQs 5 9 *10 11)
[    0.425392] ACPI: PCI Interrupt Link [LNKC] (IRQs 5 *9 10 11)
[    0.426534] ACPI: PCI Interrupt Link [LNKD] (IRQs 5 9 10 *11)
[    0.427678] ACPI: Enabled 2 GPEs in block 00 to 07
[    0.428554] vgaarb: setting as boot device: PCI:0000:00:02.0
[    0.429336] vgaarb: device added: PCI:0000:00:02.0,decodes=io+mem,owns=io+mem,locks=none
[    0.430525] vgaarb: loaded
[    0.431020] vgaarb: bridge control possible 0000:00:02.0
[    0.431876] SCSI subsystem initialized
[    0.432529] ACPI: bus type USB registered
[    0.433147] usbcore: registered new interface driver usbfs
[    0.433913] usbcore: registered new interface driver hub
[    0.434664] usbcore: registered new device driver usb
[    0.435497] PCI: Using ACPI for IRQ routing
[    0.436361] NetLabel: Initializing
[    0.437028] NetLabel:  domain hash size = 128
[    0.437685] NetLabel:  protocols = UNLABELED CIPSOv4
[    0.438462] NetLabel:  unlabeled traffic allowed by default
[    0.439294] amd_nb: Cannot enumerate AMD northbridges
[    0.440043] clocksource: Switched to clocksource kvm-clock
[    0.444367] AppArmor: AppArmor Filesystem Enabled
[    0.445103] pnp: PnP ACPI init
[    0.446071] pnp: PnP ACPI: found 3 devices
[    0.453196] clocksource: acpi_pm: mask: 0xffffff max_cycles: 0xffffff, max_idle_ns: 2085701024 ns
[    0.454508] NET: Registered protocol family 2
[    0.455299] TCP established hash table entries: 16384 (order: 5, 131072 bytes)
[    0.456444] TCP bind hash table entries: 16384 (order: 6, 262144 bytes)
[    0.457338] TCP: Hash tables configured (established 16384 bind 16384)
[    0.458234] UDP hash table entries: 1024 (order: 3, 32768 bytes)
[    0.459061] UDP-Lite hash table entries: 1024 (order: 3, 32768 bytes)
[    0.459940] NET: Registered protocol family 1
[    0.460609] pci 0000:00:00.0: Limiting direct PCI/PCI transfers
[    0.461445] pci 0000:00:01.0: Activating ISA DMA hang workarounds
[    0.462365] Unpacking initramfs...
[    0.623201] Freeing initrd memory: 14888K
[    0.623883] clocksource: tsc: mask: 0xffffffffffffffff max_cycles: 0x23fa7af7c80, max_idle_ns: 440795241955 ns
[    0.625379] platform rtc_cmos: registered platform RTC device (no PNP device found)
[    0.626549] Scanning for low memory corruption every 60 seconds
[    0.627650] audit: initializing netlink subsys (disabled)
[    0.628468] audit: type=2000 audit(1663105591.350:1): initialized
[    0.629490] Initialise system trusted keyring
[    0.630211] HugeTLB registered 2 MB page size, pre-allocated 0 pages
[    0.631763] zbud: loaded
[    0.632458] VFS: Disk quotas dquot_6.6.0
[    0.633067] VFS: Dquot-cache hash table entries: 512 (order 0, 4096 bytes)
[    0.634111] squashfs: version 4.0 (2009/01/31) Phillip Lougher
[    0.635071] fuse init (API version 7.23)
[    0.635787] Key type big_key registered
[    0.636489] Allocating IMA MOK and blacklist keyrings.
[    0.637826] Key type asymmetric registered
[    0.638451] Asymmetric key parser 'x509' registered
[    0.639169] Block layer SCSI generic (bsg) driver version 0.4 loaded (major 249)
[    0.640347] io scheduler noop registered
[    0.640944] io scheduler deadline registered (default)
[    0.641701] io scheduler cfq registered
[    0.642359] pci_hotplug: PCI Hot Plug PCI Core version: 0.5
[    0.643137] pciehp: PCI Express Hot Plug Controller Driver version: 0.4
[    0.644132] ACPI: AC Adapter [AC] (on-line)
[    0.644782] input: Power Button as /devices/LNXSYSTM:00/LNXPWRBN:00/input/input0
[    0.645902] ACPI: Power Button [PWRF]
[    0.646511] input: Sleep Button as /devices/LNXSYSTM:00/LNXSLPBN:00/input/input1
[    0.647617] ACPI: Sleep Button [SLPF]
[    0.648317] GHES: HEST is not enabled!
[    0.648979] Serial: 8250/16550 driver, 32 ports, IRQ sharing enabled
[    0.670248] 00:02: ttyS0 at I/O 0x3f8 (irq = 4, base_baud = 115200) is a 16550A
[    0.672655] Linux agpgart interface v0.103
[    0.674199] loop: module loaded
[    0.675021] scsi host0: ata_piix
[    0.675638] scsi host1: ata_piix
[    0.676196] ata1: PATA max UDMA/33 cmd 0x1f0 ctl 0x3f6 bmdma 0xd000 irq 14
[    0.677115] ata2: PATA max UDMA/33 cmd 0x170 ctl 0x376 bmdma 0xd008 irq 15
[    0.678097] libphy: Fixed MDIO Bus: probed
[    0.678713] tun: Universal TUN/TAP device driver, 1.6
[    0.679421] tun: (C) 1999-2004 Max Krasnyansky <maxk@qualcomm.com>
[    0.680533] PPP generic driver version 2.4.2
[    0.681238] ehci_hcd: USB 2.0 'Enhanced' Host Controller (EHCI) Driver
[    0.682130] ehci-pci: EHCI PCI platform driver
[    0.682787] ehci-platform: EHCI generic platform driver
[    0.683543] ohci_hcd: USB 1.1 'Open' Host Controller (OHCI) Driver
[    0.684422] ohci-pci: OHCI PCI platform driver
[    0.685090] ohci-platform: OHCI generic platform driver
[    0.685864] uhci_hcd: USB Universal Host Controller Interface driver
[    0.686749] i8042: PNP: PS/2 Controller [PNP0303:PS2K,PNP0f03:PS2M] at 0x60,0x64 irq 1,12
[    0.688391] serio: i8042 KBD port at 0x60,0x64 irq 1
[    0.689136] serio: i8042 AUX port at 0x60,0x64 irq 12
[    0.690033] mousedev: PS/2 mouse device common for all mice
[    0.691033] input: AT Translated Set 2 keyboard as /devices/platform/i8042/serio0/input/input2
[    0.692603] rtc_cmos rtc_cmos: rtc core: registered rtc_cmos as rtc0
[    0.693489] rtc_cmos rtc_cmos: alarms up to one day, 114 bytes nvram
[    0.694348] i2c /dev entries driver
[    0.694956] device-mapper: uevent: version 1.0.3
[    0.695667] device-mapper: ioctl: 4.34.0-ioctl (2015-10-28) initialised: dm-devel@redhat.com
[    0.696909] ledtrig-cpu: registered to indicate activity on CPUs
[    0.697986] NET: Registered protocol family 10
[    0.698739] NET: Registered protocol family 17
[    0.699389] Key type dns_resolver registered
[    0.700294] registered taskstats version 1
[    0.700927] Loading compiled-in X.509 certificates
[    0.701924] Loaded X.509 cert 'Build time autogenerated kernel key: cf00e047681d67edb2720680708b7d9498083038'
[    0.703300] zswap: loaded using pool lzo/zbud
[    0.704886] Key type trusted registered
[    0.706911] Key type encrypted registered
[    0.707531] AppArmor: AppArmor sha1 policy hashing enabled
[    0.708364] ima: No TPM chip found, activating TPM-bypass!
[    0.709122] ima: Allocated hash algorithm: sha1
[    0.709788] evm: HMAC attrs: 0x1
[    0.710516]   Magic number: 6:460:803
[    0.711127] rtc_cmos rtc_cmos: setting system clock to 2022-09-13 21:46:26 UTC (1663105586)
[    0.712417] BIOS EDD facility v0.16 2004-Jun-25, 0 devices found
[    0.713233] EDD information not available.
[    0.867768] Freeing unused kernel memory: 1492K
[    0.868483] Write protecting the kernel read-only data: 14336k
[    0.869597] Freeing unused kernel memory: 1584K
[    0.870352] Freeing unused kernel memory: 52K
Loading, please wait...
starting version 229
[    0.877238] random: systemd-udevd: uninitialized urandom read (16 bytes read, 3 bits of entropy available)
[    0.877563] random: udevadm: uninitialized urandom read (16 bytes read, 3 bits of entropy available)
[    0.877574] random: udevadm: uninitialized urandom read (16 bytes read, 3 bits of entropy available)
[    0.881217] random: systemd-udevd: uninitialized urandom read (16 bytes read, 3 bits of entropy available)
[    0.881271] random: udevadm: uninitialized urandom read (16 bytes read, 3 bits of entropy available)
[    0.881296] random: udevadm: uninitialized urandom read (16 bytes read, 3 bits of entropy available)
[    0.881361] random: udevadm: uninitialized urandom read (16 bytes read, 3 bits of entropy available)
[    0.881385] random: udevadm: uninitialized urandom read (16 bytes read, 3 bits of entropy available)
[    0.881407] random: udevadm: uninitialized urandom read (16 bytes read, 3 bits of entropy available)
[    0.881431] random: udevadm: uninitialized urandom read (16 bytes read, 3 bits of entropy available)
[    0.905814] e1000: Intel(R) PRO/1000 Network Driver - version 7.3.21-k8-NAPI
[    0.906757] e1000: Copyright (c) 1999-2006 Intel Corporation.
[    0.910661] Fusion MPT base driver 3.04.20
[    0.911302] Copyright (c) 1999-2008 LSI Corporation
[    0.916890] Fusion MPT SPI Host driver 3.04.20
[    0.921417] AVX2 version of gcm_enc/dec engaged.
[    0.922115] AES CTR mode by8 optimization enabled
[    1.137262] input: ImExPS/2 Generic Explorer Mouse as /devices/platform/i8042/serio1/input/input4
[    1.557976] e1000 0000:00:03.0 eth0: (PCI:33MHz:32-bit) 02:be:82:6b:cc:1d
[    1.558882] e1000 0000:00:03.0 eth0: Intel(R) PRO/1000 Network Connection
[    2.039529] e1000 0000:00:08.0 eth1: (PCI:33MHz:32-bit) 08:00:27:80:cd:ff
[    2.040477] e1000 0000:00:08.0 eth1: Intel(R) PRO/1000 Network Connection
[    2.041857] mptbase: ioc0: Initiating bringup
[    2.041949] e1000 0000:00:08.0 enp0s8: renamed from eth1
[    2.052923] e1000 0000:00:03.0 enp0s3: renamed from eth0
[    2.112604] ioc0: LSI53C1030 A0: Capabilities={Initiator}
[    2.277092] scsi host2: ioc0: LSI53C1030 A0, FwRev=00000000h, Ports=1, MaxQ=256, IRQ=20
[    2.389170] scsi 2:0:0:0: Direct-Access     VBOX     HARDDISK         1.0  PQ: 0 ANSI: 5
[    2.391242] scsi target2:0:0: Beginning Domain Validation
[    2.397758] scsi target2:0:0: Domain Validation skipping write tests
[    2.398595] scsi target2:0:0: Ending Domain Validation
[    2.399324] scsi target2:0:0: asynchronous
[    2.400113] scsi 2:0:1:0: Direct-Access     VBOX     HARDDISK         1.0  PQ: 0 ANSI: 5
[    2.401284] scsi target2:0:1: Beginning Domain Validation
[    2.403411] scsi target2:0:1: Domain Validation skipping write tests
[    2.412126] scsi target2:0:1: Ending Domain Validation
[    2.412876] scsi target2:0:1: asynchronous
[    2.417828] sd 2:0:0:0: [sda] 83886080 512-byte logical blocks: (42.9 GB/40.0 GiB)
[    2.417923] sd 2:0:0:0: Attached scsi generic sg0 type 0
[    2.419800] sd 2:0:0:0: [sda] Write Protect is off
[    2.421206] sd 2:0:1:0: [sdb] 20480 512-byte logical blocks: (10.5 MB/10.0 MiB)
[    2.421232] sd 2:0:1:0: Attached scsi generic sg1 type 0
[    2.423070] sd 2:0:0:0: [sda] Incomplete mode parameter data
[    2.423858] sd 2:0:0:0: [sda] Assuming drive cache: write through
[    2.424132] sd 2:0:1:0: [sdb] Write Protect is off
[    2.424171] sd 2:0:1:0: [sdb] Incomplete mode parameter data
[    2.424172] sd 2:0:1:0: [sdb] Assuming drive cache: write through
[    2.438910]  sda: sda1
[    2.439772] sd 2:0:0:0: [sda] Attached SCSI disk
[    2.439987] sd 2:0:1:0: [sdb] Attached SCSI disk
Begin: Loading essential drivers ... [    3.692459] md: linear personality registered for level -1
[    3.695459] md: multipath personality registered for level -4
[    3.697393] md: raid0 personality registered for level 0
[    3.700096] md: raid1 personality registered for level 1
[    3.768091] raid6: sse2x1   gen() 18875 MB/s
[    3.836136] raid6: sse2x1   xor() 13598 MB/s
[    3.904139] raid6: sse2x2   gen() 25654 MB/s
[    3.972056] raid6: sse2x2   xor() 13741 MB/s
[    4.040137] raid6: sse2x4   gen() 26775 MB/s
[    4.108147] raid6: sse2x4   xor() 13949 MB/s
[    4.176086] raid6: avx2x1   gen() 39875 MB/s
[    4.244135] raid6: avx2x2   gen() 41504 MB/s
[    4.312137] raid6: avx2x4   gen() 41388 MB/s
[    4.312778] raid6: using algorithm avx2x2 gen() 41504 MB/s
[    4.313532] raid6: using avx2x2 recovery algorithm
[    4.314818] xor: automatically using best checksumming function:
[    4.352116]    avx       : 27832.000 MB/sec
[    4.353843] async_tx: api initialized (async)
[    4.360108] md: raid6 personality registered for level 6
[    4.360922] md: raid5 personality registered for level 5
[    4.365185] md: raid4 personality registered for level 4
[    4.369189] md: raid10 personality registered for level 10
done.
Begin: Running /scripts/init-premount ... done.
Begin: Mounting root file system ... Begin: Running /scripts/local-top ... done.
Begin: Running /scripts/local-premount ... [    4.392135] Btrfs loaded
Scanning for Btrfs filesystems
done.
Warning: fsck not present, so skipping root file system
[    4.405291] EXT4-fs (sda1): mounted filesystem with ordered data mode. Opts: (null)
done.
Begin: Running /scripts/local-bottom ... done.
Begin: Running /scripts/init-bottom ... done.
[    4.447366] systemd[1]: systemd 229 running in system mode. (+PAM +AUDIT +SELINUX +IMA +APPARMOR +SMACK +SYSVINIT +UTMP +LIBCRYPTSETUP +GCRYPT +GNUTLS +ACL +XZ -LZ4 +SECCOMP +BLKID +ELFUTILS +KMOD -IDN)
[    4.451801] systemd[1]: Detected virtualization oracle.
[    4.453114] systemd[1]: Detected architecture x86-64.

Welcome to [1mUbuntu 16.04.7 LTS[0m!

[    4.455690] systemd[1]: Set hostname to <ubuntu>.
[    4.457271] systemd[1]: Initializing machine ID from random generator.
[    4.458145] systemd[1]: Installed transient /etc/machine-id file.
[    4.671716] systemd[1]: Reached target System Time Synchronized.
[[0;32m  OK  [0m] Reached target System Time Synchronized.
[    4.673347] systemd[1]: Listening on udev Control Socket.
[[0;32m  OK  [0m] Listening on udev Control Socket.
[    4.674749] systemd[1]: Started Forward Password Requests to Wall Directory Watch.
[[0;32m  OK  [0m] Started Forward Password Requests to Wall Directory Watch.
[    4.676817] systemd[1]: Created slice System Slice.
[[0;32m  OK  [0m] Created slice System Slice.
[    4.678122] systemd[1]: Reached target User and Group Name Lookups.
[[0;32m  OK  [0m] Reached target User and Group Name Lookups.
[    4.679651] systemd[1]: Reached target Encrypted Volumes.
[[0;32m  OK  [0m] Reached target Encrypted Volumes.
[    4.691908] systemd[1]: Listening on /dev/initctl Compatibility Named Pipe.
[[0;32m  OK  [0m] Listening on /dev/initctl Compatibility Named Pipe.
[    4.693606] systemd[1]: Listening on fsck to fsckd communication Socket.
[[0;32m  OK  [0m] Listening on fsck to fsckd communication Socket.
[    4.695209] systemd[1]: Listening on udev Kernel Socket.
[[0;32m  OK  [0m] Listening on udev Kernel Socket.
[    4.703470] systemd[1]: Reached target Swap.
[[0;32m  OK  [0m] Reached target Swap.
[    4.704672] systemd[1]: Listening on LVM2 poll daemon socket.
[[0;32m  OK  [0m] Listening on LVM2 poll daemon socket.
[    4.706136] systemd[1]: Listening on Journal Audit Socket.
[[0;32m  OK  [0m] Listening on Journal Audit Socket.
[    4.707524] systemd[1]: Listening on LVM2 metadata daemon socket.
[[0;32m  OK  [0m] Listening on LVM2 metadata daemon socket.
[    4.709043] systemd[1]: Listening on Journal Socket (/dev/log).
[[0;32m  OK  [0m] Listening on Journal Socket (/dev/log).
[    4.710508] systemd[1]: Listening on Device-mapper event daemon FIFOs.
[[0;32m  OK  [0m] Listening on Device-mapper event daemon FIFOs.
[    4.712091] systemd[1]: Listening on Syslog Socket.
[[0;32m  OK  [0m] Listening on Syslog Socket.
[    4.713379] systemd[1]: Listening on Journal Socket.
[[0;32m  OK  [0m] Listening on Journal Socket.
[    4.724660] systemd[1]: Starting Create list of required static device nodes for the current kernel...
         Starting Create list of required st... nodes for the current kernel...
[    4.727643] systemd[1]: Starting Load Kernel Modules...
         Starting Load Kernel Modules...
[    4.729325] systemd[1]: Starting Nameserver information manager...
         Starting Nameserver information manager...
[    4.737342] systemd[1]: Mounting Debug File System...
         Mounting Debug File System...
[    4.739126] systemd[1]: Starting Uncomplicated firewall...
[    4.740018] Loading iSCSI transport class v2.0-870.
         Starting Uncomplicated firewall...
[    4.742297] systemd[1]: Starting File System Check on Root Device...
         Starting File System Check on Root Device...
[    4.745384] systemd[1]: Mounting POSIX Message Queue File System...
         Mounting POSIX Message Queue File System...
[    4.747628] systemd[1]: Starting Monitoring of LVM2 mirrors, snapshots etc. using dmeventd or progress polling...
         Starting Monitoring of LVM2 mirrors... dmeventd or progress polling...
[    4.751787] systemd[1]: Starting Set console keymap...
[    4.751992] iscsi: registered transport (tcp)
         Starting Set console keymap...
[    4.754281] systemd[1]: Created slice system-serial\x2dgetty.slice.
[[0;32m  OK  [0m] Created slice system-serial\x2dgetty.slice.
[    4.755958] systemd[1]: Started Trigger resolvconf update for networkd DNS.
[[0;32m  OK  [0m] Started Trigger resolvconf update for networkd DNS.
[    4.757932] systemd[1]: Set up automount Arbitrary Executable File Formats File System Automount Point.
[[0;32m  OK  [0m] Set up automount Arbitrary Executab...ats File System Automount Point.
[    4.768794] systemd[1]: Created slice User and Session Slice.
[[0;32m  OK  [0m] Created slice User and Session Slice.
[    4.772471] systemd[1]: Reached target Slices.
[[0;32m  OK  [0m] Reached target Slices.
[    4.775929] systemd[1]: Starting Journal Service...
         Starting Journal Service...
[    4.778457] systemd[1]: Mounting Huge Pages File System...
         Mounting Huge Pages File System...
[    4.780853] systemd[1]: Mounted Huge Pages File System.
[[0;32m  OK  [0m] Mounted Huge Pages File System.
[    4.782486] systemd[1]: Mounted POSIX Message Queue File System.
[[0;32m  OK  [0m] Mounted POSIX Message Queue File System.
[    4.783983] systemd[1]: Mounted Debug File System.
[[0;32m  OK  [0m] Mounted Debug File System.
[    4.785601] systemd[1]: Started Create list of required static device nodes for the current kernel.
[[0;32m  OK  [0m] Started Create list of required sta...ce nodes for the current kernel.
[    4.794839] systemd[1]: Started Uncomplicated firewall.
[[0;32m  OK  [0m] Started Uncomplicated firewall.
[    4.803686] systemd[1]: Started File System Check on Root Device.
[[0;32m  OK  [0m] Started File System Check on Root Device.
[    4.807951] systemd[1]: Started Set console keymap.
[[0;32m  OK  [0m] Started Set console keymap.
[    4.809901] systemd[1]: Started Nameserver information manager.
[[0;32m  OK  [0m] Started Nameserver information manager.
[    4.815694] systemd[1]: Started Journal Service.
[[0;32m  OK  [0m] Started Journal Service.
[[0;32m  OK  [0m] Started File System Check Daemon to report status.
[    4.821581] iscsi: registered transport (iser)
[[0;32m  OK  [0m] Started LVM2 metadata daemon.
         Starting Remount Root and Kernel File Systems...
         Starting Create Static Device Nodes in /dev...
[    4.826931] EXT4-fs (sda1): re-mounted. Opts: (null)
[[0;32m  OK  [0m] Started Load Kernel Modules.
[[0;32m  OK  [0m] Started Remount Root and Kernel File Systems.
         Starting Load/Save Random Seed...
         Starting udev Coldplug all Devices...
         Starting Flush Journal to Persistent Storage...
         Mounting FUSE Control File System...
         Starting Apply Kernel Variables...
[[0;32m  OK  [0m] Mounted FUSE Control File System.
[[0;32m  OK  [0m] Started Create Static Device Nodes in /dev.
[[0;32m  OK  [0m] Started Load/Save Random Seed.
[[0;32m  OK  [0m] Started Apply Kernel Variables.
         Starting udev Kernel Device Manager...
[[0;32m  OK  [0m] Started Flush Journal to Persistent Storage.
[[0;32m  OK  [0m] Started udev Coldplug all Devices.
[[0;32m  OK  [0m] Started Monitoring of LVM2 mirrors,...ng dmeventd or progress polling.
[[0;32m  OK  [0m] Reached target Local File Systems (Pre).
[[0;32m  OK  [0m] Reached target Local File Systems.
         Starting Create Volatile Files and Directories...
         Starting LSB: AppArmor initialization...
         Starting Commit a transient machine-id on disk...
         Starting Set console font and keymap...
         Starting Initial cloud-init job (pre-networking)...
         Starting Tell Plymouth To Write Out Runtime Data...
[[0;32m  OK  [0m] Started udev Kernel Device Manager.
[[0;32m  OK  [0m] Started Create Volatile Files and Directories.
         Starting Update UTMP about System Boot/Shutdown...
[[0;32m  OK  [0m] Started Dispatch Password Requests to Console Directory Watch.
[[0;32m  OK  [0m] Started Update UTMP about System Boot/Shutdown.
[[0;32m  OK  [0m] Started Tell Plymouth To Write Out Runtime Data.
[[0;32m  OK  [0m] Started Commit a transient machine-id on disk.
[[0;32m  OK  [0m] Found device /dev/ttyS0.
[[0;32m  OK  [0m] Listening on Load/Save RF Kill Switch Status /dev/rfkill Watch.
[[0;32m  OK  [0m] Started Set console font and keymap.
[[0;32m  OK  [0m] Created slice system-getty.slice.
[[0;32m  OK  [0m] Started LSB: AppArmor initialization.
[    5.510685] cloud-init[499]: Cloud-init v. 21.1-19-gbad84ad4-0ubuntu1~16.04.2 running 'init-local' at Tue, 13 Sep 2022 21:46:31 +0000. Up 5.29 seconds.
         Starting Load AppArmor profiles managed internally by snapd...
[[0;32m  OK  [0m] Started Initial cloud-init job (pre-networking).
[[0;32m  OK  [0m] Reached target Network (Pre).
         Starting Raise network interfaces...
[[0;32m  OK  [0m] Started Load AppArmor profiles managed internally by snapd.
[[0;32m  OK  [0m] Started Raise network interfaces.
         Starting Initial cloud-init job (metadata service crawler)...
[[0;32m  OK  [0m] Reached target Network.
[    6.012648] cloud-init[943]: Cloud-init v. 21.1-19-gbad84ad4-0ubuntu1~16.04.2 running 'init' at Tue, 13 Sep 2022 21:46:31 +0000. Up 5.79 seconds.
[    6.013977] cloud-init[943]: ci-info: ++++++++++++++++++++++++++++++++++++++Net device info+++++++++++++++++++++++++++++++++++++++
[    6.015158] cloud-init[943]: ci-info: +--------+-------+----------------------------+---------------+--------+-------------------+
[    6.016410] cloud-init[943]: ci-info: | Device |   Up  |          Address           |      Mask     | Scope  |     Hw-Address    |
[    6.018233] cloud-init[943]: ci-info: +--------+-------+----------------------------+---------------+--------+-------------------+
[    6.020639] cloud-init[943]: ci-info: | enp0s3 |  True |         10.0.2.15          | 255.255.255.0 | global | 02:be:82:6b:cc:1d |
[    6.021965] cloud-init[943]: ci-info: | enp0s3 |  True | fe80::be:82ff:fe6b:cc1d/64 |       .       |  link  | 02:be:82:6b:cc:1d |
[    6.023736] cloud-init[943]: ci-info: | enp0s8 | False |             .              |       .       |   .    | 08:00:27:80:cd:ff |
[    6.025106] cloud-init[943]: ci-info: |   lo   |  True |         127.0.0.1          |   255.0.0.0   |  host  |         .         |
[    6.026358] cloud-init[943]: ci-info: |   lo   |  True |          ::1/128           |       .       |  host  |         .         |
[    6.027755] cloud-init[943]: ci-info: +--------+-------+----------------------------+---------------+--------+-------------------+
[    6.028949] cloud-init[943]: ci-info: +++++++++++++++++++++++++++Route IPv4 info++++++++++++++++++++++++++++
[    6.030009] cloud-init[943]: ci-info: +-------+-------------+----------+---------------+-----------+-------+
[    6.031108] cloud-init[943]: ci-info: | Route | Destination | Gateway  |    Genmask    | Interface | Flags |
[    6.032185] cloud-init[943]: ci-info: +-------+-------------+----------+---------------+-----------+-------+
[    6.033378] cloud-init[943]: ci-info: |   0   |   0.0.0.0   | 10.0.2.2 |    0.0.0.0    |   enp0s3  |   UG  |
[    6.034924] cloud-init[943]: ci-info: |   1   |   10.0.2.0  | 0.0.0.0  | 255.255.255.0 |   enp0s3  |   U   |
[    6.036288] cloud-init[943]: ci-info: +-------+-------------+----------+---------------+-----------+-------+
[    6.037413] cloud-init[943]: ci-info: +++++++++++++++++++Route IPv6 info+++++++++++++++++++
[    6.038372] cloud-init[943]: ci-info: +-------+-------------+---------+-----------+-------+[[0;32m  OK  [0m] Started Initial cloud-init job (metadata service crawler).
[[0;32m  OK  [0m] Reached target Cloud-config availability.
[[0;32m  OK  [0m] Reached target System Initialization.
[[0;32m  OK  [0m] Started Daily Cleanup of Temporary Directories.
[[0;32m  OK  [0m] Started Daily apt download activities.
[[0;32m  OK  [0m] Started Message of the Day.
[[0;32m  OK  [0m] Listening on UUID daemon activation socket.

[    6.043947] cloud-init[943]: ci-info: | Route | Destination | Gateway | Interface | Flags |[[0;32m  OK  [0m] Started ACPI Events Check.
[[0;32m  OK  [0m] Reached target Paths.
[[0;32m  OK  [0m] Started Daily apt upgrade and clean activities.
[[0;32m  OK  [0m] Started Ubuntu Advantage update messaging.

[    6.046305]          Starting LXD - unix socket.
[[0;32m  OK  [0m] Reached target Timers.
         Starting Socket activation for snappy daemon.
[[0;32m  OK  [0m] Listening on ACPID Listen Socket.
[[0;32m  OK  [0m] Listening on D-Bus System Message Bus Socket.
[[0;32m  OK  [0m] Reached target Network is Online.
cloud-init[943]: ci-info: +-------+-------------+---------+-----------+-------+
[    6.049176] cloud-init[943]: ci-info: |   0   |  fe80::/64  |    ::   |   enp0s3  |   U   |
[    6.050174] cloud-init[943]: ci-info: |   3   |   ff00::/8  |    ::   |   enp0s3  |   U   |
[    6.051046] cloud-init[943]: ci-info: +-------+-------------+---------+-----------+-------+
[    6.051970] cloud-init[943]: Generating public/private rsa key pair.
[    6.052749] cloud-init[943]: Your identification has been saved in /etc/ssh/ssh_host_rsa_key.
[    6.053653] cloud-init[943]: Your public key has been saved in /etc/ssh/ssh_host_rsa_key.pub.
[    6.054571] cloud-init[943]: The key fingerprint is:
[    6.055216] cloud-init[943]: SHA256:okiNBn7DBh3tyGmjCzI7ibTTx4S2QeMUaiHp6mHQfp4 root@ubuntu-xenial
[    6.056258] cloud-init[943]: The key's randomart image is:
[    6.056947] cloud-init[943]: +---[RSA 2048]----+
[    6.057571] cloud-init[943]: | . ..            |
[    6.058207] cloud-init[943]: |o.....           |
[    6.058840] cloud-init[943]: |+o+.=            |
[    6.059463] cloud-init[943]: |o=+% .           |
[    6.060094]          Starting iSCSI initiator daemon (iscsid)...
[[0;32m  OK  [0m] Listening on LXD - unix socket.
[[0;32m  OK  [0m] Listening on Socket activation for snappy daemon.
[[0;32m  OK  [0m] Reached target Sockets.
[[0;32m  OK  [0m] Reached target Basic System.
[[0;32m  OK  [0m] Started D-Bus System Message Bus.
cloud-init[943]: |+oX== . S        |
[    6.062826] cloud-init[943]: |=B+*oo .         |
[    6.063787] cloud-init[943]: |B+Bo*.           |
[    6.064593] cloud-init[943]: |== oEo           |
[    6.066079] cloud-init[943]: | .. .            |
[    6.067173] cloud-init[943]: +----[SHA256]-----+
[    6.068234] cloud-init[943]: Generating public/private dsa key pair.
[    6.069472] cloud-init[943]: Your identification has been saved in /etc/ssh/ssh_host_dsa_key.
[    6.070572] cloud-init[943]: Your public key has been saved in /etc/ssh/ssh_host_dsa_key.pub.
[    6.071666] cloud-init[943]: The key fingerprint is:
[    6.072758] cloud-init[943]: SHA256:iHA0dq+NzdJYFHLfHkoQ1lYd3z4g/8Njh0/FsIbkMYc root@ubuntu-xenial         Starting Accounts Service...

[[0;32m  OK  [0m] Started Deferred execution scheduler.
[    6.074509] cloud-init[943]: The key's randomart image is:
         Starting Pollinate to seed the pseudo random number generator...
[    6.075752] cloud-init[943]: [[0;32m  OK  [0m] Started ACPI event daemon.
         Starting Virtualbox guest utils...
         Starting System Logging Service...
+---[DSA 1024]----+
         Starting LSB: Record successful boot for GRUB...
         Starting /etc/rc.local Compatibility...
         Starting Login Service...
         Starting Snap Daemon...
         Starting LSB: MD monitoring daemon...
[[0;32m  OK  [0m] Started Regular background program processing daemon.
[[0;32m  OK  [0m] Started FUSE filesystem for LXC.
         Starting LXD - container startup/shutdown...
[[0;32m  OK  [0m] Started /etc/rc.local Compatibility.
[[0;32m  OK  [0m] Started iSCSI initiator daemon (iscsid).
         Starting Login to default iSCSI targets...
[    6.095253] [[0;32m  OK  [0m] Started Login Service.
[[0;32m  OK  [0m] Started Unattended Upgrades Shutdown.
[[0;32m  OK  [0m] Started System Logging Service.
cloud-init[943]: |    + o B+ ..... |
[    6.104956] cloud-init[943]: |   o o * oo. ....|
[    6.106666] cloud-init[943]: |  . .   o.o.E.o o|
[[0;32m  OK  [0m] Started Login to default iSCSI targets.
[[0;32m  OK  [0m] Reached target Remote File Systems (Pre).
[[0;32m  OK  [0m] Reached target Remote File Systems.
         Starting LSB: Set the CPU Frequency Scaling governor to "ondemand"...
         Starting LSB: automatic crash report generation...
         Starting Permit User Sessions...
         Starting LSB: daemon to balance interrupts for SMP systems...
[[0;32m  OK  [0m] Started Permit User Sessions.
         Starting Hold until boot process finishes up...
         Starting Terminate Plymouth Boot Screen...
[[0;32m  OK  [0m] Started Hold until boot process finishes up.
         Starting Set console scheme...
[[0;32m  OK  [0m] Started Getty on tty1.
[[0;32m  OK  [0m] Started Serial Getty on ttyS0.
[[0;32m  OK  [0m] Reached target Login Prompts.
[[0;32m  OK  [0m] Started Terminate Plymouth Boot Screen.
[[0;32m  OK  [0m] Started Set console scheme.
[    6.142272] cloud-init[943]: |   o . @ . =o*.= |
[    6.145942]          Starting Authenticate and Authorize Users to Run Privileged Tasks...
cloud-init[943]: |    . * S . +.o.+|
[[0;32m  OK  [0m] Started LSB: Set the CPU Frequency Scaling governor to "ondemand".
[[0;32m  OK  [0m] Started LSB: Record successful boot for GRUB.
[[0;32m  OK  [0m] Started LSB: MD monitoring daemon.
[[0;32m  OK  [0m] Started LSB: automatic crash report generation.
[    6.163762] cloud-init[943]: |       .     .o.o|
[[0;32m  OK  [0m] Started LSB: daemon to balance interrupts for SMP systems.
[    6.169335] cloud-init[943]: |              .*o|
[    6.172320] [[0;32m  OK  [0m] Started Authenticate and Authorize Users to Run Privileged Tasks.
cloud-init[943]: |              .o+|
[[0;32m  OK  [0m] Started Accounts Service.
[    6.174035] cloud-init[943]: |                .|
[    6.175698] cloud-init[943]: +----[SHA256]-----+
[    6.176572] cloud-init[943]: Generating public/private ecdsa key pair.
[    6.179264] cloud-init[943]: Your identification has been saved in /etc/ssh/ssh_host_ecdsa_key.
[    6.180560] cloud-init[943]: Your public key has been saved in /etc/ssh/ssh_host_ecdsa_key.pub.
[    6.181598] cloud-init[943]: The key fingerprint is:
[    6.184172] cloud-init[943]: SHA256:zX2r6HPdY+rwTTf2WJj21HsB6wSTFQZ9o1ol2phqfO8 root@ubuntu-xenial
[    6.185336] cloud-init[943]: The key's randomart image is:
[    6.186919] cloud-init[943]: +---[ECDSA 256]---+
[    6.187777] cloud-init[943]: |           .oo.  |
[    6.189802] cloud-init[943]: |            .+ + |
[    6.190474] cloud-init[943]: |            B = .|
[    6.191176] cloud-init[943]: |         o O =   |
[    6.191831] cloud-init[943]: |        S + * +  |
[[0;32m  OK  [0m] Started Virtualbox guest utils.
[    6.197055] cloud-init[943]: |         + o + =.|
[    6.197964] cloud-init[943]: |        . ..+.==*|
[    6.198985] cloud-init[943]: |          ..+==BB|
[    6.201436] cloud-init[943]: |         .oo+E+o=|
[    6.205676] cloud-init[943]: +----[SHA256]-----+
[    6.208467] cloud-init[943]: Generating public/private ed25519 key pair.
[    6.212239] cloud-init[943]: Your identification has been saved in /etc/ssh/ssh_host_ed25519_key.
[    6.213120] cloud-init[943]: Your public key has been saved in /etc/ssh/ssh_host_ed25519_key.pub.
[    6.213994] cloud-init[943]: The key fingerprint is:
[    6.214564] cloud-init[943]: SHA256:0HQv5eyDK80Hrmh+rVh6vXYBeCHeKz1VNQnTLfIb8NA root@ubuntu-xenial
[    6.215423] cloud-init[943]: The key's randomart image is:
[    6.216062] cloud-init[943]: +--[ED25519 256]--+
[    6.217051] cloud-init[943]: |        . . .+oo+|
[    6.217647] cloud-init[943]: |       o...=+ Eoo|
[[0;32m  OK  [0m] Started LXD - container startup/shutdown.
[    6.229963] cloud-init[943]: |      ...+..+B . |
[    6.231290] cloud-init[943]: |       .o ++. +  |
[    6.231869] cloud-init[943]: |        Soo+o  o |
[    6.232429] cloud-init[943]: |        .++o...  |
[    6.232984] cloud-init[943]: |        o+=...   |
[    6.240241] cloud-init[943]: |      .=oo+..    |
[    6.240817] cloud-init[943]: |     o=ooo.o     |
[    6.241371] cloud-init[943]: +----[SHA256]-----+
[[0;32m  OK  [0m] Started Snap Daemon.
         Starting Wait until snapd is fully seeded...
[[0;32m  OK  [0m] Started Pollinate to seed the pseudo random number generator.
         Starting OpenBSD Secure Shell server...
[[0;32m  OK  [0m] Started OpenBSD Secure Shell server.
[[0;32m  OK  [0m] Started Wait until snapd is fully seeded.
         Starting Apply the settings specified in cloud-config...
[[0;32m  OK  [0m] Reached target Multi-User System.
[[0;32m  OK  [0m] Reached target Graphical Interface.
         Starting Update UTMP about System Runlevel Changes...
[[0;32m  OK  [0m] Started Update UTMP about System Runlevel Changes.
[    7.989562] cloud-init[1286]: Generating locales (this might take a while)...
[    8.301888] cloud-init[1286]:   en_US.UTF-8... done
[    8.303251] cloud-init[1286]: Generation complete.
[    8.465279] cloud-init[1286]: Cloud-init v. 21.1-19-gbad84ad4-0ubuntu1~16.04.2 running 'modules:config' at Tue, 13 Sep 2022 21:46:33 +0000. Up 7.94 seconds.
[[0;32m  OK  [0m] Started Apply the settings specified in cloud-config.
         Starting Execute cloud user/final scripts...
ci-info: no authorized SSH keys fingerprints found for user ubuntu.
<14>Sep 13 21:46:34 ec2: 
<14>Sep 13 21:46:34 ec2: #############################################################
<14>Sep 13 21:46:34 ec2: -----BEGIN SSH HOST KEY FINGERPRINTS-----
<14>Sep 13 21:46:34 ec2: 1024 SHA256:iHA0dq+NzdJYFHLfHkoQ1lYd3z4g/8Njh0/FsIbkMYc root@ubuntu-xenial (DSA)
<14>Sep 13 21:46:34 ec2: 256 SHA256:zX2r6HPdY+rwTTf2WJj21HsB6wSTFQZ9o1ol2phqfO8 root@ubuntu-xenial (ECDSA)
<14>Sep 13 21:46:34 ec2: 256 SHA256:0HQv5eyDK80Hrmh+rVh6vXYBeCHeKz1VNQnTLfIb8NA root@ubuntu-xenial (ED25519)
<14>Sep 13 21:46:34 ec2: 2048 SHA256:okiNBn7DBh3tyGmjCzI7ibTTx4S2QeMUaiHp6mHQfp4 root@ubuntu-xenial (RSA)
<14>Sep 13 21:46:34 ec2: -----END SSH HOST KEY FINGERPRINTS-----
<14>Sep 13 21:46:34 ec2: #############################################################
-----BEGIN SSH HOST KEY KEYS-----
ecdsa-sha2-nistp256 AAAAE2VjZHNhLXNoYTItbmlzdHAyNTYAAAAIbmlzdHAyNTYAAABBBFhLM/JciUI+P6Qps3Oq7b19gEuyJlcYlG8ZknYUMdxPN46aRyu1ektDnAj5FTGKyWvst1OcTScUyy9aRsyYCaI= root@ubuntu-xenial
ssh-ed25519 AAAAC3NzaC1lZDI1NTE5AAAAICHKBLgNHySjNbrUmVUDAHtLhPfX40ov1K5HQ4ApdAV3 root@ubuntu-xenial
ssh-rsa AAAAB3NzaC1yc2EAAAADAQABAAABAQCyZZ6YQXnn29qjAjCgdDW7svo6SWaluXHJPqABgNBEkx2h7KIJE9YDuRna7gODwb2fTarlseBcP2bkDOsMxp7DHF9AV2zAtd5ETWWBEaNuMItPiBI3jWhPIC5nRABBLtuHZE+iM/sMjH8j1GxBFoYa93cCnEoR4NBwoAsx3OEImUnQR0d/vb7y9QDCWcnWzUMIFYUGIK8GPc8sNuKUyxF/grk+OFeDmmqWJrL94W6rZYzONqte4I4KRjgfPD5ypc42FT1Lxqe4p7CcCPR1zrieEptMdrmHKLTz5ljff5BJSFWBX0pmDNBcUAg9hMb3vX2aTnKIdrKcaFPKdEtzd6VD root@ubuntu-xenial
-----END SSH HOST KEY KEYS-----
[    8.733087] cloud-init[1330]: Cloud-init v. 21.1-19-gbad84ad4-0ubuntu1~16.04.2 running 'modules:final' at Tue, 13 Sep 2022 21:46:34 +0000. Up 8.65 seconds.
[    8.734512] cloud-init[1330]: ci-info: no authorized SSH keys fingerprints found for user ubuntu.
[    8.735688] cloud-init[1330]: Cloud-init v. 21.1-19-gbad84ad4-0ubuntu1~16.04.2 finished at Tue, 13 Sep 2022 21:46:34 +0000. Datasource DataSourceNoCloud [seed=/dev/sdb][dsmode=net].  Up 8.73 seconds
[[0;32m  OK  [0m] Started Execute cloud user/final scripts.
[[0;32m  OK  [0m] Reached target Cloud-init target.

Ubuntu 16.04.7 LTS ubuntu-xenial ttyS0

ubuntu-xenial login: 